Archive member included to satisfy reference by file (symbol)

d:/dari lepi/ghagas/iki eclipse le/avr-gcc-8.3.0-x64-mingw/bin/../lib/gcc/avr/8.3.0/avr5\libgcc.a(_exit.o)
                              d:/dari lepi/ghagas/iki eclipse le/avr-gcc-8.3.0-x64-mingw/bin/../lib/gcc/avr/8.3.0/../../../../avr/lib/avr5/crtatmega328.o (exit)
d:/dari lepi/ghagas/iki eclipse le/avr-gcc-8.3.0-x64-mingw/bin/../lib/gcc/avr/8.3.0/avr5\libgcc.a(_copy_data.o)
                              ./myUART.o (__do_copy_data)
d:/dari lepi/ghagas/iki eclipse le/avr-gcc-8.3.0-x64-mingw/bin/../lib/gcc/avr/8.3.0/../../../../avr/lib/avr5\libc.a(sprintf.o)
                              ./myUART.o (sprintf)
d:/dari lepi/ghagas/iki eclipse le/avr-gcc-8.3.0-x64-mingw/bin/../lib/gcc/avr/8.3.0/../../../../avr/lib/avr5\libc.a(vfprintf_std.o)
                              d:/dari lepi/ghagas/iki eclipse le/avr-gcc-8.3.0-x64-mingw/bin/../lib/gcc/avr/8.3.0/../../../../avr/lib/avr5\libc.a(sprintf.o) (vfprintf)
d:/dari lepi/ghagas/iki eclipse le/avr-gcc-8.3.0-x64-mingw/bin/../lib/gcc/avr/8.3.0/../../../../avr/lib/avr5\libc.a(strnlen_P.o)
                              d:/dari lepi/ghagas/iki eclipse le/avr-gcc-8.3.0-x64-mingw/bin/../lib/gcc/avr/8.3.0/../../../../avr/lib/avr5\libc.a(vfprintf_std.o) (strnlen_P)
d:/dari lepi/ghagas/iki eclipse le/avr-gcc-8.3.0-x64-mingw/bin/../lib/gcc/avr/8.3.0/../../../../avr/lib/avr5\libc.a(strnlen.o)
                              d:/dari lepi/ghagas/iki eclipse le/avr-gcc-8.3.0-x64-mingw/bin/../lib/gcc/avr/8.3.0/../../../../avr/lib/avr5\libc.a(vfprintf_std.o) (strnlen)
d:/dari lepi/ghagas/iki eclipse le/avr-gcc-8.3.0-x64-mingw/bin/../lib/gcc/avr/8.3.0/../../../../avr/lib/avr5\libc.a(fputc.o)
                              d:/dari lepi/ghagas/iki eclipse le/avr-gcc-8.3.0-x64-mingw/bin/../lib/gcc/avr/8.3.0/../../../../avr/lib/avr5\libc.a(vfprintf_std.o) (fputc)
d:/dari lepi/ghagas/iki eclipse le/avr-gcc-8.3.0-x64-mingw/bin/../lib/gcc/avr/8.3.0/../../../../avr/lib/avr5\libc.a(ultoa_invert.o)
                              d:/dari lepi/ghagas/iki eclipse le/avr-gcc-8.3.0-x64-mingw/bin/../lib/gcc/avr/8.3.0/../../../../avr/lib/avr5\libc.a(vfprintf_std.o) (__ultoa_invert)
d:/dari lepi/ghagas/iki eclipse le/avr-gcc-8.3.0-x64-mingw/bin/../lib/gcc/avr/8.3.0/avr5\libgcc.a(_prologue.o)
                              d:/dari lepi/ghagas/iki eclipse le/avr-gcc-8.3.0-x64-mingw/bin/../lib/gcc/avr/8.3.0/../../../../avr/lib/avr5\libc.a(sprintf.o) (__prologue_saves__)
d:/dari lepi/ghagas/iki eclipse le/avr-gcc-8.3.0-x64-mingw/bin/../lib/gcc/avr/8.3.0/avr5\libgcc.a(_epilogue.o)
                              d:/dari lepi/ghagas/iki eclipse le/avr-gcc-8.3.0-x64-mingw/bin/../lib/gcc/avr/8.3.0/../../../../avr/lib/avr5\libc.a(sprintf.o) (__epilogue_restores__)

Memory Configuration

Name             Origin             Length             Attributes
text             0x0000000000000000 0x0000000000020000 xr
data             0x0000000000800060 0x000000000000ffa0 rw !x
eeprom           0x0000000000810000 0x0000000000010000 rw !x
fuse             0x0000000000820000 0x0000000000000400 rw !x
lock             0x0000000000830000 0x0000000000000400 rw !x
signature        0x0000000000840000 0x0000000000000400 rw !x
user_signatures  0x0000000000850000 0x0000000000000400 rw !x
*default*        0x0000000000000000 0xffffffffffffffff

Linker script and memory map

Address of section .data set to 0x800100
LOAD d:/dari lepi/ghagas/iki eclipse le/avr-gcc-8.3.0-x64-mingw/bin/../lib/gcc/avr/8.3.0/../../../../avr/lib/avr5/crtatmega328.o
LOAD ./main.o
LOAD ./myADC.o
LOAD ./mySPI.o
LOAD ./mySmartSensor.o
LOAD ./myUART.o
START GROUP
LOAD d:/dari lepi/ghagas/iki eclipse le/avr-gcc-8.3.0-x64-mingw/bin/../lib/gcc/avr/8.3.0/avr5\libgcc.a
LOAD d:/dari lepi/ghagas/iki eclipse le/avr-gcc-8.3.0-x64-mingw/bin/../lib/gcc/avr/8.3.0/../../../../avr/lib/avr5\libm.a
LOAD d:/dari lepi/ghagas/iki eclipse le/avr-gcc-8.3.0-x64-mingw/bin/../lib/gcc/avr/8.3.0/../../../../avr/lib/avr5\libc.a
LOAD d:/dari lepi/ghagas/iki eclipse le/avr-gcc-8.3.0-x64-mingw/bin/../lib/gcc/avr/8.3.0/../../../../avr/lib/avr5\libatmega328.a
END GROUP
                0x0000000000020000                __TEXT_REGION_LENGTH__ = DEFINED (__TEXT_REGION_LENGTH__)?__TEXT_REGION_LENGTH__:0x20000
                0x000000000000ffa0                __DATA_REGION_LENGTH__ = DEFINED (__DATA_REGION_LENGTH__)?__DATA_REGION_LENGTH__:0xffa0
                0x0000000000010000                __EEPROM_REGION_LENGTH__ = DEFINED (__EEPROM_REGION_LENGTH__)?__EEPROM_REGION_LENGTH__:0x10000
                0x0000000000000400                __FUSE_REGION_LENGTH__ = DEFINED (__FUSE_REGION_LENGTH__)?__FUSE_REGION_LENGTH__:0x400
                0x0000000000000400                __LOCK_REGION_LENGTH__ = DEFINED (__LOCK_REGION_LENGTH__)?__LOCK_REGION_LENGTH__:0x400
                0x0000000000000400                __SIGNATURE_REGION_LENGTH__ = DEFINED (__SIGNATURE_REGION_LENGTH__)?__SIGNATURE_REGION_LENGTH__:0x400
                0x0000000000000400                __USER_SIGNATURE_REGION_LENGTH__ = DEFINED (__USER_SIGNATURE_REGION_LENGTH__)?__USER_SIGNATURE_REGION_LENGTH__:0x400

.hash
 *(.hash)

.dynsym
 *(.dynsym)

.dynstr
 *(.dynstr)

.gnu.version
 *(.gnu.version)

.gnu.version_d
 *(.gnu.version_d)

.gnu.version_r
 *(.gnu.version_r)

.rel.init
 *(.rel.init)

.rela.init
 *(.rela.init)

.rel.text
 *(.rel.text)
 *(.rel.text.*)
 *(.rel.gnu.linkonce.t*)

.rela.text
 *(.rela.text)
 *(.rela.text.*)
 *(.rela.gnu.linkonce.t*)

.rel.fini
 *(.rel.fini)

.rela.fini
 *(.rela.fini)

.rel.rodata
 *(.rel.rodata)
 *(.rel.rodata.*)
 *(.rel.gnu.linkonce.r*)

.rela.rodata
 *(.rela.rodata)
 *(.rela.rodata.*)
 *(.rela.gnu.linkonce.r*)

.rel.data
 *(.rel.data)
 *(.rel.data.*)
 *(.rel.gnu.linkonce.d*)

.rela.data
 *(.rela.data)
 *(.rela.data.*)
 *(.rela.gnu.linkonce.d*)

.rel.ctors
 *(.rel.ctors)

.rela.ctors
 *(.rela.ctors)

.rel.dtors
 *(.rel.dtors)

.rela.dtors
 *(.rela.dtors)

.rel.got
 *(.rel.got)

.rela.got
 *(.rela.got)

.rel.bss
 *(.rel.bss)

.rela.bss
 *(.rela.bss)

.rel.plt
 *(.rel.plt)

.rela.plt
 *(.rela.plt)

.text           0x0000000000000000      0x6e6
 *(.vectors)
 .vectors       0x0000000000000000       0x68 d:/dari lepi/ghagas/iki eclipse le/avr-gcc-8.3.0-x64-mingw/bin/../lib/gcc/avr/8.3.0/../../../../avr/lib/avr5/crtatmega328.o
                0x0000000000000000                __vector_default
                0x0000000000000000                __vectors
 *(.vectors)
 *(.progmem.gcc*)
                0x0000000000000068                . = ALIGN (0x2)
                0x0000000000000068                __trampolines_start = .
 *(.trampolines)
 .trampolines   0x0000000000000068        0x0 linker stubs
 *(.trampolines*)
                0x0000000000000068                __trampolines_end = .
 *libprintf_flt.a:*(.progmem.data)
 *libc.a:*(.progmem.data)
 *(.progmem.*)
                0x0000000000000068                . = ALIGN (0x2)
 *(.lowtext)
 *(.lowtext*)
                0x0000000000000068                __ctors_start = .
 *(.ctors)
                0x0000000000000068                __ctors_end = .
                0x0000000000000068                __dtors_start = .
 *(.dtors)
                0x0000000000000068                __dtors_end = .
 SORT_BY_NAME(*)(.ctors)
 SORT_BY_NAME(*)(.dtors)
 *(.init0)
 .init0         0x0000000000000068        0x0 d:/dari lepi/ghagas/iki eclipse le/avr-gcc-8.3.0-x64-mingw/bin/../lib/gcc/avr/8.3.0/../../../../avr/lib/avr5/crtatmega328.o
                0x0000000000000068                __init
 *(.init0)
 *(.init1)
 *(.init1)
 *(.init2)
 .init2         0x0000000000000068        0xc d:/dari lepi/ghagas/iki eclipse le/avr-gcc-8.3.0-x64-mingw/bin/../lib/gcc/avr/8.3.0/../../../../avr/lib/avr5/crtatmega328.o
 *(.init2)
 *(.init3)
 *(.init3)
 *(.init4)
 .init4         0x0000000000000074       0x16 d:/dari lepi/ghagas/iki eclipse le/avr-gcc-8.3.0-x64-mingw/bin/../lib/gcc/avr/8.3.0/avr5\libgcc.a(_copy_data.o)
                0x0000000000000074                __do_copy_data
 *(.init4)
 *(.init5)
 *(.init5)
 *(.init6)
 *(.init6)
 *(.init7)
 *(.init7)
 *(.init8)
 *(.init8)
 *(.init9)
 .init9         0x000000000000008a        0x8 d:/dari lepi/ghagas/iki eclipse le/avr-gcc-8.3.0-x64-mingw/bin/../lib/gcc/avr/8.3.0/../../../../avr/lib/avr5/crtatmega328.o
 *(.init9)
 *(.text)
 .text          0x0000000000000092        0x4 d:/dari lepi/ghagas/iki eclipse le/avr-gcc-8.3.0-x64-mingw/bin/../lib/gcc/avr/8.3.0/../../../../avr/lib/avr5/crtatmega328.o
                0x0000000000000092                __vector_22
                0x0000000000000092                __vector_1
                0x0000000000000092                __vector_24
                0x0000000000000092                __vector_12
                0x0000000000000092                __bad_interrupt
                0x0000000000000092                __vector_6
                0x0000000000000092                __vector_3
                0x0000000000000092                __vector_23
                0x0000000000000092                __vector_25
                0x0000000000000092                __vector_11
                0x0000000000000092                __vector_13
                0x0000000000000092                __vector_17
                0x0000000000000092                __vector_19
                0x0000000000000092                __vector_7
                0x0000000000000092                __vector_5
                0x0000000000000092                __vector_4
                0x0000000000000092                __vector_9
                0x0000000000000092                __vector_2
                0x0000000000000092                __vector_21
                0x0000000000000092                __vector_15
                0x0000000000000092                __vector_8
                0x0000000000000092                __vector_14
                0x0000000000000092                __vector_10
                0x0000000000000092                __vector_16
                0x0000000000000092                __vector_18
                0x0000000000000092                __vector_20
 .text          0x0000000000000096        0x0 ./main.o
 .text          0x0000000000000096        0x0 ./myADC.o
 .text          0x0000000000000096        0x0 ./mySPI.o
 .text          0x0000000000000096        0x0 ./mySmartSensor.o
 .text          0x0000000000000096        0x0 ./myUART.o
 .text          0x0000000000000096        0x0 d:/dari lepi/ghagas/iki eclipse le/avr-gcc-8.3.0-x64-mingw/bin/../lib/gcc/avr/8.3.0/avr5\libgcc.a(_exit.o)
 .text          0x0000000000000096        0x0 d:/dari lepi/ghagas/iki eclipse le/avr-gcc-8.3.0-x64-mingw/bin/../lib/gcc/avr/8.3.0/avr5\libgcc.a(_copy_data.o)
 .text          0x0000000000000096        0x0 d:/dari lepi/ghagas/iki eclipse le/avr-gcc-8.3.0-x64-mingw/bin/../lib/gcc/avr/8.3.0/../../../../avr/lib/avr5\libc.a(sprintf.o)
 .text          0x0000000000000096        0x0 d:/dari lepi/ghagas/iki eclipse le/avr-gcc-8.3.0-x64-mingw/bin/../lib/gcc/avr/8.3.0/../../../../avr/lib/avr5\libc.a(vfprintf_std.o)
 .text          0x0000000000000096        0x0 d:/dari lepi/ghagas/iki eclipse le/avr-gcc-8.3.0-x64-mingw/bin/../lib/gcc/avr/8.3.0/../../../../avr/lib/avr5\libc.a(strnlen_P.o)
 .text          0x0000000000000096        0x0 d:/dari lepi/ghagas/iki eclipse le/avr-gcc-8.3.0-x64-mingw/bin/../lib/gcc/avr/8.3.0/../../../../avr/lib/avr5\libc.a(strnlen.o)
 .text          0x0000000000000096        0x0 d:/dari lepi/ghagas/iki eclipse le/avr-gcc-8.3.0-x64-mingw/bin/../lib/gcc/avr/8.3.0/../../../../avr/lib/avr5\libc.a(fputc.o)
 .text          0x0000000000000096        0x0 d:/dari lepi/ghagas/iki eclipse le/avr-gcc-8.3.0-x64-mingw/bin/../lib/gcc/avr/8.3.0/../../../../avr/lib/avr5\libc.a(ultoa_invert.o)
 .text          0x0000000000000096        0x0 d:/dari lepi/ghagas/iki eclipse le/avr-gcc-8.3.0-x64-mingw/bin/../lib/gcc/avr/8.3.0/avr5\libgcc.a(_prologue.o)
 .text          0x0000000000000096        0x0 d:/dari lepi/ghagas/iki eclipse le/avr-gcc-8.3.0-x64-mingw/bin/../lib/gcc/avr/8.3.0/avr5\libgcc.a(_epilogue.o)
                0x0000000000000096                . = ALIGN (0x2)
 *(.text.*)
 .text.startup.main
                0x0000000000000096       0x14 ./main.o
                0x0000000000000096                main
 .text.USART_Init
                0x00000000000000aa       0x18 ./myUART.o
                0x00000000000000aa                USART_Init
 .text.USART_GetChar
                0x00000000000000c2        0xe ./myUART.o
                0x00000000000000c2                USART_GetChar
 .text.USART_PutChar
                0x00000000000000d0        0xe ./myUART.o
                0x00000000000000d0                USART_PutChar
 .text.USART_PutStr
                0x00000000000000de       0x18 ./myUART.o
                0x00000000000000de                USART_PutStr
 .text.USART_PutNum
                0x00000000000000f6       0x5a ./myUART.o
                0x00000000000000f6                USART_PutNum
 .text.libgcc.mul
                0x0000000000000150        0x0 d:/dari lepi/ghagas/iki eclipse le/avr-gcc-8.3.0-x64-mingw/bin/../lib/gcc/avr/8.3.0/avr5\libgcc.a(_exit.o)
 .text.libgcc.div
                0x0000000000000150        0x0 d:/dari lepi/ghagas/iki eclipse le/avr-gcc-8.3.0-x64-mingw/bin/../lib/gcc/avr/8.3.0/avr5\libgcc.a(_exit.o)
 .text.libgcc   0x0000000000000150        0x0 d:/dari lepi/ghagas/iki eclipse le/avr-gcc-8.3.0-x64-mingw/bin/../lib/gcc/avr/8.3.0/avr5\libgcc.a(_exit.o)
 .text.libgcc.prologue
                0x0000000000000150        0x0 d:/dari lepi/ghagas/iki eclipse le/avr-gcc-8.3.0-x64-mingw/bin/../lib/gcc/avr/8.3.0/avr5\libgcc.a(_exit.o)
 .text.libgcc.builtins
                0x0000000000000150        0x0 d:/dari lepi/ghagas/iki eclipse le/avr-gcc-8.3.0-x64-mingw/bin/../lib/gcc/avr/8.3.0/avr5\libgcc.a(_exit.o)
 .text.libgcc.fmul
                0x0000000000000150        0x0 d:/dari lepi/ghagas/iki eclipse le/avr-gcc-8.3.0-x64-mingw/bin/../lib/gcc/avr/8.3.0/avr5\libgcc.a(_exit.o)
 .text.libgcc.fixed
                0x0000000000000150        0x0 d:/dari lepi/ghagas/iki eclipse le/avr-gcc-8.3.0-x64-mingw/bin/../lib/gcc/avr/8.3.0/avr5\libgcc.a(_exit.o)
 .text.libgcc.mul
                0x0000000000000150        0x0 d:/dari lepi/ghagas/iki eclipse le/avr-gcc-8.3.0-x64-mingw/bin/../lib/gcc/avr/8.3.0/avr5\libgcc.a(_copy_data.o)
 .text.libgcc.div
                0x0000000000000150        0x0 d:/dari lepi/ghagas/iki eclipse le/avr-gcc-8.3.0-x64-mingw/bin/../lib/gcc/avr/8.3.0/avr5\libgcc.a(_copy_data.o)
 .text.libgcc   0x0000000000000150        0x0 d:/dari lepi/ghagas/iki eclipse le/avr-gcc-8.3.0-x64-mingw/bin/../lib/gcc/avr/8.3.0/avr5\libgcc.a(_copy_data.o)
 .text.libgcc.prologue
                0x0000000000000150        0x0 d:/dari lepi/ghagas/iki eclipse le/avr-gcc-8.3.0-x64-mingw/bin/../lib/gcc/avr/8.3.0/avr5\libgcc.a(_copy_data.o)
 .text.libgcc.builtins
                0x0000000000000150        0x0 d:/dari lepi/ghagas/iki eclipse le/avr-gcc-8.3.0-x64-mingw/bin/../lib/gcc/avr/8.3.0/avr5\libgcc.a(_copy_data.o)
 .text.libgcc.fmul
                0x0000000000000150        0x0 d:/dari lepi/ghagas/iki eclipse le/avr-gcc-8.3.0-x64-mingw/bin/../lib/gcc/avr/8.3.0/avr5\libgcc.a(_copy_data.o)
 .text.libgcc.fixed
                0x0000000000000150        0x0 d:/dari lepi/ghagas/iki eclipse le/avr-gcc-8.3.0-x64-mingw/bin/../lib/gcc/avr/8.3.0/avr5\libgcc.a(_copy_data.o)
 .text.avr-libc
                0x0000000000000150       0x46 d:/dari lepi/ghagas/iki eclipse le/avr-gcc-8.3.0-x64-mingw/bin/../lib/gcc/avr/8.3.0/../../../../avr/lib/avr5\libc.a(sprintf.o)
                0x0000000000000150                sprintf
 .text.avr-libc
                0x0000000000000196      0x396 d:/dari lepi/ghagas/iki eclipse le/avr-gcc-8.3.0-x64-mingw/bin/../lib/gcc/avr/8.3.0/../../../../avr/lib/avr5\libc.a(vfprintf_std.o)
                0x0000000000000196                vfprintf
 .text.avr-libc
                0x000000000000052c       0x16 d:/dari lepi/ghagas/iki eclipse le/avr-gcc-8.3.0-x64-mingw/bin/../lib/gcc/avr/8.3.0/../../../../avr/lib/avr5\libc.a(strnlen_P.o)
                0x000000000000052c                strnlen_P
 .text.avr-libc
                0x0000000000000542       0x16 d:/dari lepi/ghagas/iki eclipse le/avr-gcc-8.3.0-x64-mingw/bin/../lib/gcc/avr/8.3.0/../../../../avr/lib/avr5\libc.a(strnlen.o)
                0x0000000000000542                strnlen
 .text.avr-libc
                0x0000000000000558       0x60 d:/dari lepi/ghagas/iki eclipse le/avr-gcc-8.3.0-x64-mingw/bin/../lib/gcc/avr/8.3.0/../../../../avr/lib/avr5\libc.a(fputc.o)
                0x0000000000000558                fputc
 .text.avr-libc
                0x00000000000005b8       0xbc d:/dari lepi/ghagas/iki eclipse le/avr-gcc-8.3.0-x64-mingw/bin/../lib/gcc/avr/8.3.0/../../../../avr/lib/avr5\libc.a(ultoa_invert.o)
                0x00000000000005b8                __ultoa_invert
 .text.libgcc.mul
                0x0000000000000674        0x0 d:/dari lepi/ghagas/iki eclipse le/avr-gcc-8.3.0-x64-mingw/bin/../lib/gcc/avr/8.3.0/avr5\libgcc.a(_prologue.o)
 .text.libgcc.div
                0x0000000000000674        0x0 d:/dari lepi/ghagas/iki eclipse le/avr-gcc-8.3.0-x64-mingw/bin/../lib/gcc/avr/8.3.0/avr5\libgcc.a(_prologue.o)
 .text.libgcc   0x0000000000000674        0x0 d:/dari lepi/ghagas/iki eclipse le/avr-gcc-8.3.0-x64-mingw/bin/../lib/gcc/avr/8.3.0/avr5\libgcc.a(_prologue.o)
 .text.libgcc.prologue
                0x0000000000000674       0x38 d:/dari lepi/ghagas/iki eclipse le/avr-gcc-8.3.0-x64-mingw/bin/../lib/gcc/avr/8.3.0/avr5\libgcc.a(_prologue.o)
                0x0000000000000674                __prologue_saves__
 .text.libgcc.builtins
                0x00000000000006ac        0x0 d:/dari lepi/ghagas/iki eclipse le/avr-gcc-8.3.0-x64-mingw/bin/../lib/gcc/avr/8.3.0/avr5\libgcc.a(_prologue.o)
 .text.libgcc.fmul
                0x00000000000006ac        0x0 d:/dari lepi/ghagas/iki eclipse le/avr-gcc-8.3.0-x64-mingw/bin/../lib/gcc/avr/8.3.0/avr5\libgcc.a(_prologue.o)
 .text.libgcc.fixed
                0x00000000000006ac        0x0 d:/dari lepi/ghagas/iki eclipse le/avr-gcc-8.3.0-x64-mingw/bin/../lib/gcc/avr/8.3.0/avr5\libgcc.a(_prologue.o)
 .text.libgcc.mul
                0x00000000000006ac        0x0 d:/dari lepi/ghagas/iki eclipse le/avr-gcc-8.3.0-x64-mingw/bin/../lib/gcc/avr/8.3.0/avr5\libgcc.a(_epilogue.o)
 .text.libgcc.div
                0x00000000000006ac        0x0 d:/dari lepi/ghagas/iki eclipse le/avr-gcc-8.3.0-x64-mingw/bin/../lib/gcc/avr/8.3.0/avr5\libgcc.a(_epilogue.o)
 .text.libgcc   0x00000000000006ac        0x0 d:/dari lepi/ghagas/iki eclipse le/avr-gcc-8.3.0-x64-mingw/bin/../lib/gcc/avr/8.3.0/avr5\libgcc.a(_epilogue.o)
 .text.libgcc.prologue
                0x00000000000006ac       0x36 d:/dari lepi/ghagas/iki eclipse le/avr-gcc-8.3.0-x64-mingw/bin/../lib/gcc/avr/8.3.0/avr5\libgcc.a(_epilogue.o)
                0x00000000000006ac                __epilogue_restores__
 .text.libgcc.builtins
                0x00000000000006e2        0x0 d:/dari lepi/ghagas/iki eclipse le/avr-gcc-8.3.0-x64-mingw/bin/../lib/gcc/avr/8.3.0/avr5\libgcc.a(_epilogue.o)
 .text.libgcc.fmul
                0x00000000000006e2        0x0 d:/dari lepi/ghagas/iki eclipse le/avr-gcc-8.3.0-x64-mingw/bin/../lib/gcc/avr/8.3.0/avr5\libgcc.a(_epilogue.o)
 .text.libgcc.fixed
                0x00000000000006e2        0x0 d:/dari lepi/ghagas/iki eclipse le/avr-gcc-8.3.0-x64-mingw/bin/../lib/gcc/avr/8.3.0/avr5\libgcc.a(_epilogue.o)
                0x00000000000006e2                . = ALIGN (0x2)
 *(.fini9)
 .fini9         0x00000000000006e2        0x0 d:/dari lepi/ghagas/iki eclipse le/avr-gcc-8.3.0-x64-mingw/bin/../lib/gcc/avr/8.3.0/avr5\libgcc.a(_exit.o)
                0x00000000000006e2                _exit
                0x00000000000006e2                exit
 *(.fini9)
 *(.fini8)
 *(.fini8)
 *(.fini7)
 *(.fini7)
 *(.fini6)
 *(.fini6)
 *(.fini5)
 *(.fini5)
 *(.fini4)
 *(.fini4)
 *(.fini3)
 *(.fini3)
 *(.fini2)
 *(.fini2)
 *(.fini1)
 *(.fini1)
 *(.fini0)
 .fini0         0x00000000000006e2        0x4 d:/dari lepi/ghagas/iki eclipse le/avr-gcc-8.3.0-x64-mingw/bin/../lib/gcc/avr/8.3.0/avr5\libgcc.a(_exit.o)
 *(.fini0)
 *(.hightext)
 *(.hightext*)
 *(.progmemx.*)
                0x00000000000006e6                . = ALIGN (0x2)
 *(.jumptables)
 *(.jumptables*)
                0x00000000000006e6                _etext = .

.data           0x0000000000800100        0x4 load address 0x00000000000006e6
                0x0000000000800100                PROVIDE (__data_start = .)
 *(.data)
 .data          0x0000000000800100        0x0 d:/dari lepi/ghagas/iki eclipse le/avr-gcc-8.3.0-x64-mingw/bin/../lib/gcc/avr/8.3.0/../../../../avr/lib/avr5/crtatmega328.o
 .data          0x0000000000800100        0x0 ./main.o
 .data          0x0000000000800100        0x0 ./myADC.o
 .data          0x0000000000800100        0x0 ./mySPI.o
 .data          0x0000000000800100        0x0 ./mySmartSensor.o
 .data          0x0000000000800100        0x0 ./myUART.o
 .data          0x0000000000800100        0x0 d:/dari lepi/ghagas/iki eclipse le/avr-gcc-8.3.0-x64-mingw/bin/../lib/gcc/avr/8.3.0/avr5\libgcc.a(_exit.o)
 .data          0x0000000000800100        0x0 d:/dari lepi/ghagas/iki eclipse le/avr-gcc-8.3.0-x64-mingw/bin/../lib/gcc/avr/8.3.0/avr5\libgcc.a(_copy_data.o)
 .data          0x0000000000800100        0x0 d:/dari lepi/ghagas/iki eclipse le/avr-gcc-8.3.0-x64-mingw/bin/../lib/gcc/avr/8.3.0/../../../../avr/lib/avr5\libc.a(sprintf.o)
 .data          0x0000000000800100        0x0 d:/dari lepi/ghagas/iki eclipse le/avr-gcc-8.3.0-x64-mingw/bin/../lib/gcc/avr/8.3.0/../../../../avr/lib/avr5\libc.a(vfprintf_std.o)
 .data          0x0000000000800100        0x0 d:/dari lepi/ghagas/iki eclipse le/avr-gcc-8.3.0-x64-mingw/bin/../lib/gcc/avr/8.3.0/../../../../avr/lib/avr5\libc.a(strnlen_P.o)
 .data          0x0000000000800100        0x0 d:/dari lepi/ghagas/iki eclipse le/avr-gcc-8.3.0-x64-mingw/bin/../lib/gcc/avr/8.3.0/../../../../avr/lib/avr5\libc.a(strnlen.o)
 .data          0x0000000000800100        0x0 d:/dari lepi/ghagas/iki eclipse le/avr-gcc-8.3.0-x64-mingw/bin/../lib/gcc/avr/8.3.0/../../../../avr/lib/avr5\libc.a(fputc.o)
 .data          0x0000000000800100        0x0 d:/dari lepi/ghagas/iki eclipse le/avr-gcc-8.3.0-x64-mingw/bin/../lib/gcc/avr/8.3.0/../../../../avr/lib/avr5\libc.a(ultoa_invert.o)
 .data          0x0000000000800100        0x0 d:/dari lepi/ghagas/iki eclipse le/avr-gcc-8.3.0-x64-mingw/bin/../lib/gcc/avr/8.3.0/avr5\libgcc.a(_prologue.o)
 .data          0x0000000000800100        0x0 d:/dari lepi/ghagas/iki eclipse le/avr-gcc-8.3.0-x64-mingw/bin/../lib/gcc/avr/8.3.0/avr5\libgcc.a(_epilogue.o)
 *(.data*)
 *(.gnu.linkonce.d*)
 *(.rodata)
 *(.rodata*)
 .rodata.USART_PutNum.str1.1
                0x0000000000800100        0x3 ./myUART.o
 *(.gnu.linkonce.r*)
                0x0000000000800104                . = ALIGN (0x2)
 *fill*         0x0000000000800103        0x1 
                0x0000000000800104                _edata = .
                0x0000000000800104                PROVIDE (__data_end = .)

.bss            0x0000000000800104        0x0
                [!provide]                        PROVIDE (__bss_start = .)
 *(.bss)
 .bss           0x0000000000800104        0x0 d:/dari lepi/ghagas/iki eclipse le/avr-gcc-8.3.0-x64-mingw/bin/../lib/gcc/avr/8.3.0/../../../../avr/lib/avr5/crtatmega328.o
 .bss           0x0000000000800104        0x0 ./main.o
 .bss           0x0000000000800104        0x0 ./myADC.o
 .bss           0x0000000000800104        0x0 ./mySPI.o
 .bss           0x0000000000800104        0x0 ./mySmartSensor.o
 .bss           0x0000000000800104        0x0 ./myUART.o
 .bss           0x0000000000800104        0x0 d:/dari lepi/ghagas/iki eclipse le/avr-gcc-8.3.0-x64-mingw/bin/../lib/gcc/avr/8.3.0/avr5\libgcc.a(_exit.o)
 .bss           0x0000000000800104        0x0 d:/dari lepi/ghagas/iki eclipse le/avr-gcc-8.3.0-x64-mingw/bin/../lib/gcc/avr/8.3.0/avr5\libgcc.a(_copy_data.o)
 .bss           0x0000000000800104        0x0 d:/dari lepi/ghagas/iki eclipse le/avr-gcc-8.3.0-x64-mingw/bin/../lib/gcc/avr/8.3.0/../../../../avr/lib/avr5\libc.a(sprintf.o)
 .bss           0x0000000000800104        0x0 d:/dari lepi/ghagas/iki eclipse le/avr-gcc-8.3.0-x64-mingw/bin/../lib/gcc/avr/8.3.0/../../../../avr/lib/avr5\libc.a(vfprintf_std.o)
 .bss           0x0000000000800104        0x0 d:/dari lepi/ghagas/iki eclipse le/avr-gcc-8.3.0-x64-mingw/bin/../lib/gcc/avr/8.3.0/../../../../avr/lib/avr5\libc.a(strnlen_P.o)
 .bss           0x0000000000800104        0x0 d:/dari lepi/ghagas/iki eclipse le/avr-gcc-8.3.0-x64-mingw/bin/../lib/gcc/avr/8.3.0/../../../../avr/lib/avr5\libc.a(strnlen.o)
 .bss           0x0000000000800104        0x0 d:/dari lepi/ghagas/iki eclipse le/avr-gcc-8.3.0-x64-mingw/bin/../lib/gcc/avr/8.3.0/../../../../avr/lib/avr5\libc.a(fputc.o)
 .bss           0x0000000000800104        0x0 d:/dari lepi/ghagas/iki eclipse le/avr-gcc-8.3.0-x64-mingw/bin/../lib/gcc/avr/8.3.0/../../../../avr/lib/avr5\libc.a(ultoa_invert.o)
 .bss           0x0000000000800104        0x0 d:/dari lepi/ghagas/iki eclipse le/avr-gcc-8.3.0-x64-mingw/bin/../lib/gcc/avr/8.3.0/avr5\libgcc.a(_prologue.o)
 .bss           0x0000000000800104        0x0 d:/dari lepi/ghagas/iki eclipse le/avr-gcc-8.3.0-x64-mingw/bin/../lib/gcc/avr/8.3.0/avr5\libgcc.a(_epilogue.o)
 *(.bss*)
 *(COMMON)
                [!provide]                        PROVIDE (__bss_end = .)
                0x00000000000006e6                __data_load_start = LOADADDR (.data)
                0x00000000000006ea                __data_load_end = (__data_load_start + SIZEOF (.data))

.noinit         0x0000000000800104        0x0
                [!provide]                        PROVIDE (__noinit_start = .)
 *(.noinit*)
                [!provide]                        PROVIDE (__noinit_end = .)
                0x0000000000800104                _end = .
                [!provide]                        PROVIDE (__heap_start = .)

.eeprom         0x0000000000810000        0x0
 *(.eeprom*)
                0x0000000000810000                __eeprom_end = .

.fuse
 *(.fuse)
 *(.lfuse)
 *(.hfuse)
 *(.efuse)

.lock
 *(.lock*)

.signature
 *(.signature*)

.stab
 *(.stab)

.stabstr
 *(.stabstr)

.stab.excl
 *(.stab.excl)

.stab.exclstr
 *(.stab.exclstr)

.stab.index
 *(.stab.index)

.stab.indexstr
 *(.stab.indexstr)

.comment        0x0000000000000000       0x11
 *(.comment)
 .comment       0x0000000000000000       0x11 ./main.o
                                         0x12 (size before relaxing)
 .comment       0x0000000000000011       0x12 ./myADC.o
 .comment       0x0000000000000011       0x12 ./mySPI.o
 .comment       0x0000000000000011       0x12 ./mySmartSensor.o
 .comment       0x0000000000000011       0x12 ./myUART.o
 .comment       0x0000000000000011       0x12 d:/dari lepi/ghagas/iki eclipse le/avr-gcc-8.3.0-x64-mingw/bin/../lib/gcc/avr/8.3.0/../../../../avr/lib/avr5\libc.a(sprintf.o)
 .comment       0x0000000000000011       0x12 d:/dari lepi/ghagas/iki eclipse le/avr-gcc-8.3.0-x64-mingw/bin/../lib/gcc/avr/8.3.0/../../../../avr/lib/avr5\libc.a(vfprintf_std.o)
 .comment       0x0000000000000011       0x12 d:/dari lepi/ghagas/iki eclipse le/avr-gcc-8.3.0-x64-mingw/bin/../lib/gcc/avr/8.3.0/../../../../avr/lib/avr5\libc.a(fputc.o)

.note.gnu.avr.deviceinfo
                0x0000000000000000       0x3c
 .note.gnu.avr.deviceinfo
                0x0000000000000000       0x3c d:/dari lepi/ghagas/iki eclipse le/avr-gcc-8.3.0-x64-mingw/bin/../lib/gcc/avr/8.3.0/../../../../avr/lib/avr5/crtatmega328.o

.note.gnu.build-id
 *(.note.gnu.build-id)

.debug
 *(.debug)

.line
 *(.line)

.debug_srcinfo
 *(.debug_srcinfo)

.debug_sfnames
 *(.debug_sfnames)

.debug_aranges  0x0000000000000000       0x80
 *(.debug_aranges)
 .debug_aranges
                0x0000000000000000       0x20 d:/dari lepi/ghagas/iki eclipse le/avr-gcc-8.3.0-x64-mingw/bin/../lib/gcc/avr/8.3.0/avr5\libgcc.a(_exit.o)
 .debug_aranges
                0x0000000000000020       0x20 d:/dari lepi/ghagas/iki eclipse le/avr-gcc-8.3.0-x64-mingw/bin/../lib/gcc/avr/8.3.0/avr5\libgcc.a(_copy_data.o)
 .debug_aranges
                0x0000000000000040       0x20 d:/dari lepi/ghagas/iki eclipse le/avr-gcc-8.3.0-x64-mingw/bin/../lib/gcc/avr/8.3.0/avr5\libgcc.a(_prologue.o)
 .debug_aranges
                0x0000000000000060       0x20 d:/dari lepi/ghagas/iki eclipse le/avr-gcc-8.3.0-x64-mingw/bin/../lib/gcc/avr/8.3.0/avr5\libgcc.a(_epilogue.o)

.debug_pubnames
 *(.debug_pubnames)

.debug_info     0x0000000000000000      0x68c
 *(.debug_info .gnu.linkonce.wi.*)
 .debug_info    0x0000000000000000      0x5f4 d:/dari lepi/ghagas/iki eclipse le/avr-gcc-8.3.0-x64-mingw/bin/../lib/gcc/avr/8.3.0/../../../../avr/lib/avr5/crtatmega328.o
 .debug_info    0x00000000000005f4       0x26 d:/dari lepi/ghagas/iki eclipse le/avr-gcc-8.3.0-x64-mingw/bin/../lib/gcc/avr/8.3.0/avr5\libgcc.a(_exit.o)
 .debug_info    0x000000000000061a       0x26 d:/dari lepi/ghagas/iki eclipse le/avr-gcc-8.3.0-x64-mingw/bin/../lib/gcc/avr/8.3.0/avr5\libgcc.a(_copy_data.o)
 .debug_info    0x0000000000000640       0x26 d:/dari lepi/ghagas/iki eclipse le/avr-gcc-8.3.0-x64-mingw/bin/../lib/gcc/avr/8.3.0/avr5\libgcc.a(_prologue.o)
 .debug_info    0x0000000000000666       0x26 d:/dari lepi/ghagas/iki eclipse le/avr-gcc-8.3.0-x64-mingw/bin/../lib/gcc/avr/8.3.0/avr5\libgcc.a(_epilogue.o)

.debug_abbrev   0x0000000000000000      0x5f2
 *(.debug_abbrev)
 .debug_abbrev  0x0000000000000000      0x5a2 d:/dari lepi/ghagas/iki eclipse le/avr-gcc-8.3.0-x64-mingw/bin/../lib/gcc/avr/8.3.0/../../../../avr/lib/avr5/crtatmega328.o
 .debug_abbrev  0x00000000000005a2       0x14 d:/dari lepi/ghagas/iki eclipse le/avr-gcc-8.3.0-x64-mingw/bin/../lib/gcc/avr/8.3.0/avr5\libgcc.a(_exit.o)
 .debug_abbrev  0x00000000000005b6       0x14 d:/dari lepi/ghagas/iki eclipse le/avr-gcc-8.3.0-x64-mingw/bin/../lib/gcc/avr/8.3.0/avr5\libgcc.a(_copy_data.o)
 .debug_abbrev  0x00000000000005ca       0x14 d:/dari lepi/ghagas/iki eclipse le/avr-gcc-8.3.0-x64-mingw/bin/../lib/gcc/avr/8.3.0/avr5\libgcc.a(_prologue.o)
 .debug_abbrev  0x00000000000005de       0x14 d:/dari lepi/ghagas/iki eclipse le/avr-gcc-8.3.0-x64-mingw/bin/../lib/gcc/avr/8.3.0/avr5\libgcc.a(_epilogue.o)

.debug_line     0x0000000000000000      0x309
 *(.debug_line .debug_line.* .debug_line_end)
 .debug_line    0x0000000000000000       0x1d d:/dari lepi/ghagas/iki eclipse le/avr-gcc-8.3.0-x64-mingw/bin/../lib/gcc/avr/8.3.0/../../../../avr/lib/avr5/crtatmega328.o
 .debug_line    0x000000000000001d       0x61 d:/dari lepi/ghagas/iki eclipse le/avr-gcc-8.3.0-x64-mingw/bin/../lib/gcc/avr/8.3.0/avr5\libgcc.a(_exit.o)
 .debug_line    0x000000000000007e       0x97 d:/dari lepi/ghagas/iki eclipse le/avr-gcc-8.3.0-x64-mingw/bin/../lib/gcc/avr/8.3.0/avr5\libgcc.a(_copy_data.o)
 .debug_line    0x0000000000000115       0xfd d:/dari lepi/ghagas/iki eclipse le/avr-gcc-8.3.0-x64-mingw/bin/../lib/gcc/avr/8.3.0/avr5\libgcc.a(_prologue.o)
 .debug_line    0x0000000000000212       0xf7 d:/dari lepi/ghagas/iki eclipse le/avr-gcc-8.3.0-x64-mingw/bin/../lib/gcc/avr/8.3.0/avr5\libgcc.a(_epilogue.o)

.debug_frame
 *(.debug_frame)

.debug_str      0x0000000000000000      0x266
 *(.debug_str)
 .debug_str     0x0000000000000000      0x208 d:/dari lepi/ghagas/iki eclipse le/avr-gcc-8.3.0-x64-mingw/bin/../lib/gcc/avr/8.3.0/../../../../avr/lib/avr5/crtatmega328.o
 .debug_str     0x0000000000000208       0x5e d:/dari lepi/ghagas/iki eclipse le/avr-gcc-8.3.0-x64-mingw/bin/../lib/gcc/avr/8.3.0/avr5\libgcc.a(_exit.o)
 .debug_str     0x0000000000000266       0x5e d:/dari lepi/ghagas/iki eclipse le/avr-gcc-8.3.0-x64-mingw/bin/../lib/gcc/avr/8.3.0/avr5\libgcc.a(_copy_data.o)
 .debug_str     0x0000000000000266       0x5e d:/dari lepi/ghagas/iki eclipse le/avr-gcc-8.3.0-x64-mingw/bin/../lib/gcc/avr/8.3.0/avr5\libgcc.a(_prologue.o)
 .debug_str     0x0000000000000266       0x5e d:/dari lepi/ghagas/iki eclipse le/avr-gcc-8.3.0-x64-mingw/bin/../lib/gcc/avr/8.3.0/avr5\libgcc.a(_epilogue.o)

.debug_loc
 *(.debug_loc)

.debug_macinfo
 *(.debug_macinfo)

.debug_weaknames
 *(.debug_weaknames)

.debug_funcnames
 *(.debug_funcnames)

.debug_typenames
 *(.debug_typenames)

.debug_varnames
 *(.debug_varnames)

.debug_pubtypes
 *(.debug_pubtypes)

.debug_ranges
 *(.debug_ranges)

.debug_macro
 *(.debug_macro)

.debug_addr
 *(.debug_addr)
OUTPUT(USART.elf elf32-avr)
LOAD linker stubs
